mode: baseline
trigger_sha: 4d9dc254a7083a1f1bcb6bf44305b920a2fdd3c7
workflow_run_id: 30698812068
workflow_attempt: 1
exit_code: 0

MODE: baseline
TRIGGER_HEAD: 4d9dc254a7083a1f1bcb6bf44305b920a2fdd3c7
STARTED_UTC: 2026-08-01T12:00:33Z
Preparing worktree (detached HEAD cd802d92)
HEAD is now at cd802d92 test(wave1): run structural and behavioral shell smoke
HEAD: cd802d92613b64df76552c429a664bb4cbcd909c
===== required starting HEAD =====
EXIT_CODE required starting HEAD: 0
===== clean starting tree =====

EXIT_CODE clean starting tree: 0
===== platform merge base =====
EXIT_CODE platform merge base: 0
===== shell history merge base =====
EXIT_CODE shell history merge base: 0
===== npm ci --no-audit --no-fund =====

added 24 packages in 2s
EXIT_CODE npm ci --no-audit --no-fund: 0

> real-wargame@0.1.0 app-shell-overlay:smoke
> node scripts/app_shell_overlay_smoke.mjs && node scripts/app_shell_overlay_behavior_smoke.mjs

App shell overlay and Escape contract smoke passed.
node:internal/modules/run_main:123
    triggerUncaughtException(
    ^

AssertionError [ERR_ASSERTION]: opening a modal must move focus inside
+ actual - expected ... Lines skipped

+ <ref *3> FakeElement {
- <ref *7> FakeElement {
    attributes: Map(0) {},
+   children: [
+     FakeElement {
+       attributes: Map(0) {},
+       children: [],
+       className: '',
+       dataset: {},
+       disabled: false,
+       hidden: false,
+       inert: false,
+       innerHTML: '',
+       listeners: Map(0) {},
+       ownerDocument: <ref *6> FakeDocument {
+         activeElement: [Circular *3],
+         body: <ref *1> FakeElement {
-   children: [],
-   className: '',
-   dataset: {},
-   disabled: false,
-   hidden: false,
-   inert: false,
-   innerHTML: '',
-   listeners: Map(0) {},
-   ownerDocument: <ref *6> FakeDocument {
-     activeElement: <ref *3> FakeElement {
-       attributes: Map(0) {},
-       children: [
-         [Circular *7],
-         FakeElement {
            attributes: Map(0) {},
+           children: [
+             <ref *2> FakeElement {
+               attributes: Map(0) {},
+               children: [
+                 FakeElement {
+                   attributes: Map(0) {},
+                   children: [],
+                   className: '',
+                   dataset: {},
+                   disabled: false,
...
-           children: [],
-           className: '',
-           dataset: {},
-           disabled: false,
-           hidden: false,
-           inert: false,
-           innerHTML: '',
-           listeners: Map(0) {},
-           ownerDocument: [Circular *6],
-           parentNode: [Circular *3],
...
    at file:///tmp/wave1-baseline-30698812068/.tmp-app-shell-overlay-behavior-smoke/app-shell-overlay-behavior-smoke.mjs?run=1785585637182:495:8 {
  generatedMessage: false,
  code: 'ERR_ASSERTION',
  actual: <ref *3> FakeElement {
    listeners: Map(0) {},
    parentNode: <ref *4> FakeElement {
      listeners: Map(0) {},
      parentNode: <ref *1> FakeElement {
        listeners: Map(5) {
          'keydown' => Set(1) { [Function: onKeyDown] },
          'pointerdown' => Set(1) { [Function: onBackdropPointerDown] },
          'pointerup' => Set(1) { [Function: stopBackgroundInteraction] },
          'click' => Set(1) { [Function: stopBackgroundInteraction] },
          'contextmenu' => Set(1) { [Function: stopBackgroundInteraction] }
        },
        parentNode: <ref *2> FakeElement {
          listeners: Map(0) {},
          parentNode: null,
          children: [ [FakeElement], [Circular *1] ],
          ownerDocument: FakeDocument {
            listeners: [Map],
            body: [Circular *2],
            activeElement: [Circular *3]
          },
          className: '',
          dataset: {},
          attributes: Map(0) {},
          hidden: false,
          inert: false,
          disabled: false,
          tabIndex: 0,
          innerHTML: '',
          tagName: 'BODY'
        },
        children: [ [Circular *4] ],
        ownerDocument: <ref *5> FakeDocument {
          listeners: Map(1) { 'focusin' => [Set] },
          body: <ref *2> FakeElement {
            listeners: Map(0) {},
            parentNode: null,
            children: [Array],
            ownerDocument: [Circular *5],
            className: '',
            dataset: {},
            attributes: Map(0) {},
            hidden: false,
            inert: false,
            disabled: false,
            tabIndex: 0,
            innerHTML: '',
            tagName: 'BODY'
          },
          activeElement: [Circular *3]
        },
        className: 'app-modal-layer',
        dataset: { appModalLayer: 'open' },
        attributes: Map(0) {},
        hidden: false,
        inert: false,
        disabled: false,
        tabIndex: 0,
        innerHTML: '',
        tagName: 'DIV'
      },
      children: [ [Circular *3] ],
      ownerDocument: <ref *5> FakeDocument {
        listeners: Map(1) { 'focusin' => Set(1) { [Function: onFocusIn] } },
        body: <ref *2> FakeElement {
          listeners: Map(0) {},
          parentNode: null,
          children: [ [FakeElement], [FakeElement] ],
          ownerDocument: [Circular *5],
          className: '',
          dataset: {},
          attributes: Map(0) {},
          hidden: false,
          inert: false,
          disabled: false,
          tabIndex: 0,
          innerHTML: '',
          tagName: 'BODY'
        },
        activeElement: [Circular *3]
      },
      className: 'app-modal-dialog',
      dataset: {},
      attributes: Map(3) {
        'role' => 'dialog',
        'aria-modal' => 'true',
        'aria-label' => 'Проверка общего модального слоя'
      },
      hidden: false,
      inert: false,
      disabled: false,
      tabIndex: -1,
      innerHTML: '',
      tagName: 'SECTION'
    },
    children: [
      FakeElement {
        listeners: Map(0) {},
        parentNode: [Circular *3],
        children: [],
        ownerDocument: <ref *5> FakeDocument {
          listeners: Map(1) { 'focusin' => [Set] },
          body: <ref *2> FakeElement {
            listeners: Map(0) {},
            parentNode: null,
            children: [Array],
            ownerDocument: [Circular *5],
            className: '',
            dataset: {},
            attributes: Map(0) {},
            hidden: false,
            inert: false,
            disabled: false,
            tabIndex: 0,
            innerHTML: '',
            tagName: 'BODY'
          },
          activeElement: [Circular *3]
        },
        className: '',
        dataset: {},
        attributes: Map(0) {},
        hidden: false,
        inert: false,
        disabled: false,
        tabIndex: 0,
        innerHTML: '',
        tagName: 'BUTTON'
      },
      FakeElement {
        listeners: Map(0) {},
        parentNode: [Circular *3],
        children: [],
        ownerDocument: <ref *5> FakeDocument {
          listeners: Map(1) { 'focusin' => [Set] },
          body: <ref *2> FakeElement {
            listeners: Map(0) {},
            parentNode: null,
            children: [Array],
            ownerDocument: [Circular *5],
            className: '',
            dataset: {},
            attributes: Map(0) {},
            hidden: false,
            inert: false,
            disabled: false,
            tabIndex: 0,
            innerHTML: '',
            tagName: 'BODY'
          },
          activeElement: [Circular *3]
        },
        className: '',
        dataset: {},
        attributes: Map(0) {},
        hidden: false,
        inert: false,
        disabled: false,
        tabIndex: 0,
        innerHTML: '',
        tagName: 'BUTTON'
      }
    ],
    ownerDocument: <ref *5> FakeDocument {
      listeners: Map(1) { 'focusin' => Set(1) { [Function: onFocusIn] } },
      body: <ref *2> FakeElement {
        listeners: Map(0) {},
        parentNode: null,
        children: [
          FakeElement {
            listeners: Map(0) {},
            parentNode: [Circular *2],
            children: [Array],
            ownerDocument: [Circular *5],
            className: '',
            dataset: {},
            attributes: Map(0) {},
            hidden: false,
            inert: true,
            disabled: false,
            tabIndex: 0,
            innerHTML: '',
            tagName: 'MAIN'
          },
          <ref *1> FakeElement {
            listeners: [Map],
            parentNode: [Circular *2],
            children: [Array],
            ownerDocument: [Circular *5],
            className: 'app-modal-layer',
            dataset: [Object],
            attributes: Map(0) {},
            hidden: false,
            inert: false,
            disabled: false,
            tabIndex: 0,
            innerHTML: '',
            tagName: 'DIV'
          }
        ],
        ownerDocument: [Circular *5],
        className: '',
        dataset: {},
        attributes: Map(0) {},
        hidden: false,
        inert: false,
        disabled: false,
        tabIndex: 0,
        innerHTML: '',
        tagName: 'BODY'
      },
      activeElement: [Circular *3]
    },
    className: 'app-modal-host',
    dataset: {},
    attributes: Map(0) {},
    hidden: false,
    inert: false,
    disabled: false,
    tabIndex: 0,
    innerHTML: '',
    tagName: 'DIV'
  },
  expected: <ref *6> FakeElement {
    listeners: Map(0) {},
    parentNode: <ref *3> FakeElement {
      listeners: Map(0) {},
      parentNode: <ref *4> FakeElement {
        listeners: Map(0) {},
        parentNode: <ref *1> FakeElement {
          listeners: Map(5) {
            'keydown' => [Set],
            'pointerdown' => [Set],
            'pointerup' => [Set],
            'click' => [Set],
            'contextmenu' => [Set]
          },
          parentNode: <ref *2> FakeElement {
            listeners: Map(0) {},
            parentNode: null,
            children: [Array],
            ownerDocument: [FakeDocument],
            className: '',
            dataset: {},
            attributes: Map(0) {},
            hidden: false,
            inert: false,
            disabled: false,
            tabIndex: 0,
            innerHTML: '',
            tagName: 'BODY'
          },
          children: [ [Circular *4] ],
          ownerDocument: <ref *5> FakeDocument {
            listeners: [Map],
            body: [FakeElement],
            activeElement: [Circular *3]
          },
          className: 'app-modal-layer',
          dataset: { appModalLayer: 'open' },
          attributes: Map(0) {},
          hidden: false,
          inert: false,
          disabled: false,
          tabIndex: 0,
          innerHTML: '',
          tagName: 'DIV'
        },
        children: [ [Circular *3] ],
        ownerDocument: <ref *5> FakeDocument {
          listeners: Map(1) { 'focusin' => [Set] },
          body: <ref *2> FakeElement {
            listeners: Map(0) {},
            parentNode: null,
            children: [Array],
            ownerDocument: [Circular *5],
            className: '',
            dataset: {},
            attributes: Map(0) {},
            hidden: false,
            inert: false,
            disabled: false,
            tabIndex: 0,
            innerHTML: '',
            tagName: 'BODY'
          },
          activeElement: [Circular *3]
        },
        className: 'app-modal-dialog',
        dataset: {},
        attributes: Map(3) {
          'role' => 'dialog',
          'aria-modal' => 'true',
          'aria-label' => 'Проверка общего модального слоя'
        },
        hidden: false,
        inert: false,
        disabled: false,
        tabIndex: -1,
        innerHTML: '',
        tagName: 'SECTION'
      },
      children: [
        [Circular *6],
        FakeElement {
          listeners: Map(0) {},
          parentNode: [Circular *3],
          children: [],
          ownerDocument: <ref *5> FakeDocument {
            listeners: [Map],
            body: [FakeElement],
            activeElement: [Circular *3]
          },
          className: '',
          dataset: {},
          attributes: Map(0) {},
          hidden: false,
          inert: false,
          disabled: false,
          tabIndex: 0,
          innerHTML: '',
          tagName: 'BUTTON'
        }
      ],
      ownerDocument: <ref *5> FakeDocument {
        listeners: Map(1) { 'focusin' => Set(1) { [Function: onFocusIn] } },
        body: <ref *2> FakeElement {
          listeners: Map(0) {},
          parentNode: null,
          children: [ [FakeElement], [FakeElement] ],
          ownerDocument: [Circular *5],
          className: '',
          dataset: {},
          attributes: Map(0) {},
          hidden: false,
          inert: false,
          disabled: false,
          tabIndex: 0,
          innerHTML: '',
          tagName: 'BODY'
        },
        activeElement: [Circular *3]
      },
      className: 'app-modal-host',
      dataset: {},
      attributes: Map(0) {},
      hidden: false,
      inert: false,
      disabled: false,
      tabIndex: 0,
      innerHTML: '',
      tagName: 'DIV'
    },
    children: [],
    ownerDocument: <ref *5> FakeDocument {
      listeners: Map(1) { 'focusin' => Set(1) { [Function: onFocusIn] } },
      body: <ref *2> FakeElement {
        listeners: Map(0) {},
        parentNode: null,
        children: [
          FakeElement {
            listeners: Map(0) {},
            parentNode: [Circular *2],
            children: [Array],
            ownerDocument: [Circular *5],
            className: '',
            dataset: {},
            attributes: Map(0) {},
            hidden: false,
            inert: true,
            disabled: false,
            tabIndex: 0,
            innerHTML: '',
            tagName: 'MAIN'
          },
          <ref *1> FakeElement {
            listeners: [Map],
            parentNode: [Circular *2],
            children: [Array],
            ownerDocument: [Circular *5],
            className: 'app-modal-layer',
            dataset: [Object],
            attributes: Map(0) {},
            hidden: false,
            inert: false,
            disabled: false,
            tabIndex: 0,
            innerHTML: '',
            tagName: 'DIV'
          }
        ],
        ownerDocument: [Circular *5],
        className: '',
        dataset: {},
        attributes: Map(0) {},
        hidden: false,
        inert: false,
        disabled: false,
        tabIndex: 0,
        innerHTML: '',
        tagName: 'BODY'
      },
      activeElement: <ref *3> FakeElement {
        listeners: Map(0) {},
        parentNode: <ref *4> FakeElement {
          listeners: Map(0) {},
          parentNode: <ref *1> FakeElement {
            listeners: [Map],
            parentNode: [FakeElement],
            children: [Array],
            ownerDocument: [Circular *5],
            className: 'app-modal-layer',
            dataset: [Object],
            attributes: Map(0) {},
            hidden: false,
            inert: false,
            disabled: false,
            tabIndex: 0,
            innerHTML: '',
            tagName: 'DIV'
          },
          children: [ [Circular *3] ],
          ownerDocument: [Circular *5],
          className: 'app-modal-dialog',
          dataset: {},
          attributes: Map(3) {
            'role' => 'dialog',
            'aria-modal' => 'true',
            'aria-label' => 'Проверка общего модального слоя'
          },
          hidden: false,
          inert: false,
          disabled: false,
          tabIndex: -1,
          innerHTML: '',
          tagName: 'SECTION'
        },
        children: [
          [Circular *6],
          FakeElement {
            listeners: Map(0) {},
            parentNode: [Circular *3],
            children: [],
            ownerDocument: [Circular *5],
            className: '',
            dataset: {},
            attributes: Map(0) {},
            hidden: false,
            inert: false,
            disabled: false,
            tabIndex: 0,
            innerHTML: '',
            tagName: 'BUTTON'
          }
        ],
        ownerDocument: [Circular *5],
        className: 'app-modal-host',
        dataset: {},
        attributes: Map(0) {},
        hidden: false,
        inert: false,
        disabled: false,
        tabIndex: 0,
        innerHTML: '',
        tagName: 'DIV'
      }
    },
    className: '',
    dataset: {},
    attributes: Map(0) {},
    hidden: false,
    inert: false,
    disabled: false,
    tabIndex: 0,
    innerHTML: '',
    tagName: 'BUTTON'
  },
  operator: 'strictEqual'
}

Node.js v20.20.2

> real-wargame@0.1.0 posture-transition:smoke
> node scripts/posture_transition_smoke.mjs

AssertionError [ERR_ASSERTION]: instant live posture writes: src/core/testing/combat-lab/experiment/CombatLabParticipantInitialRuntime.ts
+ actual - expected

+ [
+   'src/core/testing/combat-lab/experiment/CombatLabParticipantInitialRuntime.ts'
+ ]
- []
    at verifyNoInstantLivePostureWritesRemain (file:///tmp/wave1-baseline-30698812068/.tmp-posture-transition-smoke/posture-transition-smoke.mjs?run=1785585640097:35380:10)
    at file:///tmp/wave1-baseline-30698812068/.tmp-posture-transition-smoke/posture-transition-smoke.mjs?run=1785585640097:35007:1
    at ModuleJob.run (node:internal/modules/esm/module_job:325:25)
    at async ModuleLoader.import (node:internal/modules/esm/loader:606:24)
    at async run (file:///tmp/wave1-baseline-30698812068/scripts/posture_transition_smoke.mjs:50:5) {
  generatedMessage: false,
  code: 'ERR_ASSERTION',
  actual: [Array],
  expected: [],
  operator: 'deepStrictEqual'
}
EXPECTED_RED app-shell-overlay: 1
EXPECTED_RED posture-transition: 1
FINISHED_UTC: 2026-08-01T12:02:23Z
FINAL_RESULT: PASS
